Component: Arm Compiler for Embedded 6.19 Tool: armlink [5e73cb00]

==============================================================================

Section Cross References

    misc.o(.ARM.exidx) refers to misc.o(.text) for [Anonymous Symbol]
    stm32f4xx_gpio.o(.text) refers to stm32f4xx_rcc.o(.text) for RCC_AHB1PeriphResetCmd
    stm32f4xx_gpio.o(.ARM.exidx) refers to stm32f4xx_gpio.o(.text) for [Anonymous Symbol]
    stm32f4xx_rcc.o(.text) refers to stm32f4xx_rcc.o(.rodata.APBAHBPrescTable) for APBAHBPrescTable
    stm32f4xx_rcc.o(.ARM.exidx) refers to stm32f4xx_rcc.o(.text) for [Anonymous Symbol]
    startup_stm32f40_41xxx.o(RESET) refers to startup_stm32f40_41xxx.o(STACK) for __initial_sp
    startup_stm32f40_41xxx.o(RESET) refers to startup_stm32f40_41xxx.o(.text) for Reset_Handler
    startup_stm32f40_41xxx.o(RESET) refers to stm32f4xx_it.o(.text) for NMI_Handler
    startup_stm32f40_41xxx.o(RESET) refers to main.o(.text) for UART4_IRQHandler
    startup_stm32f40_41xxx.o(.text) refers to system_stm32f4xx.o(.text) for SystemInit
    startup_stm32f40_41xxx.o(.text) refers to entry.o(.ARM.Collect$$$$00000000) for __main
    stm32f4xx_usart.o(.text) refers to stm32f4xx_rcc.o(.text) for RCC_APB1PeriphResetCmd
    stm32f4xx_usart.o(.ARM.exidx) refers to stm32f4xx_usart.o(.text) for [Anonymous Symbol]
    stm32f4xx_adc.o(.text) refers to stm32f4xx_rcc.o(.text) for RCC_APB2PeriphResetCmd
    stm32f4xx_adc.o(.ARM.exidx) refers to stm32f4xx_adc.o(.text) for [Anonymous Symbol]
    stm32f4xx_dma.o(.text) refers to memseta.o(.text) for __aeabi_memclr4
    stm32f4xx_dma.o(.ARM.exidx) refers to stm32f4xx_dma.o(.text) for [Anonymous Symbol]
    stm32f4xx_tim.o(.text) refers to stm32f4xx_rcc.o(.text) for RCC_APB1PeriphResetCmd
    stm32f4xx_tim.o(.ARM.exidx) refers to stm32f4xx_tim.o(.text) for [Anonymous Symbol]
    main.o(.text) refers to stm32f4xx_rcc.o(.text) for RCC_AHB1PeriphClockCmd
    main.o(.text) refers to stm32f4xx_gpio.o(.text) for GPIO_Init
    main.o(.text) refers to main.o(.bss.TIM_TimeBaseStructure) for TIM_TimeBaseStructure
    main.o(.text) refers to stm32f4xx_tim.o(.text) for TIM_TimeBaseInit
    main.o(.text) refers to main.o(.bss.TIM_OCInitStructure) for TIM_OCInitStructure
    main.o(.text) refers to misc.o(.text) for NVIC_PriorityGroupConfig
    main.o(.text) refers to main.o(.bss.NVIC_InitStructure) for NVIC_InitStructure
    main.o(.text) refers to main.o(.bss.GPIO_InitStructure) for GPIO_InitStructure
    main.o(.text) refers to main.o(.bss.num_over_t5) for num_over_t5
    main.o(.text) refers to stm32f4xx_usart.o(.text) for USART_Init
    main.o(.text) refers to stm32f4xx_dma.o(.text) for DMA_DeInit
    main.o(.text) refers to main.o(.bss.RX_USART2) for RX_USART2
    main.o(.text) refers to main.o(.bss.en_gyro) for en_gyro
    main.o(.text) refers to main.o(.bss.data_tx_gyro) for data_tx_gyro
    main.o(.text) refers to stdout.o(.data) for __stdout
    main.o(.text) refers to putc.o(i.putc) for putc
    main.o(.text) refers to main.o(.bss.IMU) for IMU
    main.o(.text) refers to main.o(.bss._robotIMUAngle) for _robotIMUAngle
    main.o(.text) refers to f2d.o(.text) for __aeabi_f2d
    main.o(.text) refers to dadd.o(.text) for __aeabi_dadd
    main.o(.text) refers to dfixi.o(.text) for __aeabi_d2iz
    main.o(.text) refers to main.o(.data._robotAngle) for _robotAngle
    main.o(.text) refers to main.o(.bss._robotRunFL) for _robotRunFL
    main.o(.text) refers to main.o(.bss._robotRunFR) for _robotRunFR
    main.o(.text) refers to main.o(.bss._robotRunRL) for _robotRunRL
    main.o(.text) refers to main.o(.bss._robotRunRR) for _robotRunRR
    main.o(.text) refers to main.o(.bss._robotRunSpeed) for _robotRunSpeed
    main.o(.text) refers to main.o(.bss._robotCurrentSpeed) for _robotCurrentSpeed
    main.o(.text) refers to main.o(.bss._robotChange) for _robotChange
    main.o(.text) refers to main.o(.bss._robotAccStop) for _robotAccStop
    main.o(.text) refers to main.o(.bss._robotRotate) for _robotRotate
    main.o(.text) refers to main.o(.bss._robotRotatePoint) for _robotRotatePoint
    main.o(.text) refers to main.o(.bss._robotRotateAngle) for _robotRotateAngle
    main.o(.text) refers to main.o(.bss._robotAngleCounterFix) for _robotAngleCounterFix
    main.o(.text) refers to main.o(.bss._accCustom) for _accCustom
    main.o(.text) refers to main.o(.bss._robotIMUInit) for _robotIMUInit
    main.o(.text) refers to main.o(.bss._accHuyOy) for _accHuyOy
    main.o(.text) refers to main.o(.bss._accRun) for _accRun
    main.o(.text) refers to main.o(.bss._robotStop_Timer) for _robotStop_Timer
    main.o(.text) refers to dflti.o(.text) for __aeabi_i2d
    main.o(.text) refers to dmul.o(.text) for __aeabi_dmul
    main.o(.text) refers to d2f.o(.text) for __aeabi_d2f
    main.o(.text) refers to main.o(.bss._robotRunAcc_Timer) for _robotRunAcc_Timer
    main.o(.text) refers to main.o(.bss._IMUAngle_Before) for _IMUAngle_Before
    main.o(.text) refers to main.o(.bss.UART4_IRQHandler.ktra) for UART4_IRQHandler.ktra
    main.o(.text) refers to main.o(.bss.UART4_IRQHandler.cnt) for UART4_IRQHandler.cnt
    main.o(.text) refers to main.o(.bss.dataBuff) for dataBuff
    main.o(.text) refers to main.o(.bss.tempSpeed) for tempSpeed
    main.o(.text) refers to main.o(.data.mediumSpeed) for mediumSpeed
    main.o(.text) refers to main.o(.data.lowSpeed) for lowSpeed
    main.o(.text) refers to main.o(.data.highSpeed) for highSpeed
    main.o(.text) refers to main.o(.bss.moveSpeed) for moveSpeed
    main.o(.text) refers to main.o(.bss.suckDick) for suckDick
    main.o(.text) refers to main.o(.bss.spinHand) for spinHand
    main.o(.text) refers to main.o(.bss.xlLiftBody) for xlLiftBody
    main.o(.text) refers to main.o(.bss.xlDropArm) for xlDropArm
    main.o(.text) refers to main.o(.bss.xlRaiseGun) for xlRaiseGun
    main.o(.text) refers to main.o(.bss.xlShoot) for xlShoot
    main.o(.text) refers to main.o(.bss.tkLeft_13) for tkLeft_13
    main.o(.text) refers to main.o(.bss.tkLeft_2) for tkLeft_2
    main.o(.text) refers to main.o(.bss.tkRight_13) for tkRight_13
    main.o(.text) refers to main.o(.bss.tkRight_2) for tkRight_2
    main.o(.text) refers to system_stm32f4xx.o(.data.SystemCoreClock) for SystemCoreClock
    main.o(.text) refers to lcd.o(.text) for lcd_Data_Write
    main.o(.ARM.exidx) refers to main.o(.text) for [Anonymous Symbol]
    stm32f4xx_it.o(.text) refers to stm32f4xx_it.o(.bss.SysTick_Handler.tam_gyro) for SysTick_Handler.tam_gyro
    stm32f4xx_it.o(.text) refers to main.o(.bss.en_gyro) for en_gyro
    stm32f4xx_it.o(.text) refers to stm32f4xx_it.o(.bss._index_gyro) for _index_gyro
    stm32f4xx_it.o(.text) refers to stm32f4xx_usart.o(.text) for USART_GetITStatus
    stm32f4xx_it.o(.text) refers to main.o(.bss.RxBuffer_compass) for RxBuffer_compass
    stm32f4xx_it.o(.text) refers to main.o(.bss.IMU) for IMU
    stm32f4xx_it.o(.text) refers to stm32f4xx_dma.o(.text) for DMA_ClearITPendingBit
    stm32f4xx_it.o(.text) refers to main.o(.bss.RX_USART2) for RX_USART2
    stm32f4xx_it.o(.text) refers to main.o(.bss.num_over_t5) for num_over_t5
    stm32f4xx_it.o(.ARM.exidx) refers to stm32f4xx_it.o(.text) for [Anonymous Symbol]
    system_stm32f4xx.o(.text) refers to system_stm32f4xx.o(.data.SystemCoreClock) for SystemCoreClock
    system_stm32f4xx.o(.text) refers to system_stm32f4xx.o(.rodata.AHBPrescTable) for AHBPrescTable
    system_stm32f4xx.o(.ARM.exidx) refers to system_stm32f4xx.o(.text) for [Anonymous Symbol]
    lcd.o(.text) refers to stm32f4xx_rcc.o(.text) for RCC_APB2PeriphClockCmd
    lcd.o(.text) refers to stm32f4xx_gpio.o(.text) for GPIO_Init
    lcd.o(.ARM.exidx) refers to lcd.o(.text) for [Anonymous Symbol]
    entry.o(.ARM.Collect$$$$00000000) refers (Special) to entry10a.o(.ARM.Collect$$$$0000000D) for __rt_final_cpp
    entry.o(.ARM.Collect$$$$00000000) refers (Special) to entry11a.o(.ARM.Collect$$$$0000000F) for __rt_final_exit
    entry.o(.ARM.Collect$$$$00000000) refers (Special) to entry7b.o(.ARM.Collect$$$$00000008) for _main_clock
    entry.o(.ARM.Collect$$$$00000000) refers (Special) to entry8b.o(.ARM.Collect$$$$0000000A) for _main_cpp_init
    entry.o(.ARM.Collect$$$$00000000) refers (Special) to entry9a.o(.ARM.Collect$$$$0000000B) for _main_init
    entry.o(.ARM.Collect$$$$00000000) refers (Special) to entry5.o(.ARM.Collect$$$$00000004) for _main_scatterload
    entry.o(.ARM.Collect$$$$00000000) refers (Special) to entry2.o(.ARM.Collect$$$$00000001) for _main_stk
    putc.o(i.putc) refers to fputc.o(i.fputc) for fputc
    dadd.o(.text) refers (Special) to iusefp.o(.text) for __I$use$fp
    dadd.o(.text) refers to llshl.o(.text) for __aeabi_llsl
    dadd.o(.text) refers to llsshr.o(.text) for __aeabi_lasr
    dadd.o(.text) refers to depilogue.o(.text) for _double_epilogue
    dmul.o(.text) refers (Special) to iusefp.o(.text) for __I$use$fp
    dmul.o(.text) refers to depilogue.o(.text) for _double_epilogue
    dflti.o(.text) refers (Special) to iusefp.o(.text) for __I$use$fp
    dflti.o(.text) refers to depilogue.o(.text) for _double_epilogue
    dfixi.o(.text) refers (Special) to iusefp.o(.text) for __I$use$fp
    dfixi.o(.text) refers to llushr.o(.text) for __aeabi_llsr
    f2d.o(.text) refers (Special) to iusefp.o(.text) for __I$use$fp
    d2f.o(.text) refers (Special) to iusefp.o(.text) for __I$use$fp
    d2f.o(.text) refers to fepilogue.o(.text) for _float_round
    entry2.o(.ARM.Collect$$$$00000001) refers to entry2.o(.ARM.Collect$$$$00002712) for __lit__00000000
    entry2.o(.ARM.Collect$$$$00002712) refers to startup_stm32f40_41xxx.o(STACK) for __initial_sp
    entry2.o(__vectab_stack_and_reset_area) refers to startup_stm32f40_41xxx.o(STACK) for __initial_sp
    entry2.o(__vectab_stack_and_reset_area) refers to entry.o(.ARM.Collect$$$$00000000) for __main
    entry5.o(.ARM.Collect$$$$00000004) refers to init.o(.text) for __scatterload
    entry9a.o(.ARM.Collect$$$$0000000B) refers to main.o(.text) for main
    entry9b.o(.ARM.Collect$$$$0000000C) refers to main.o(.text) for main
    fputc.o(i.fputc) refers (Special) to iusesemip.o(.text) for __I$use$semihosting$fputc
    fputc.o(i.fputc) refers (Special) to semi.o(.text) for __semihosting_library_function
    fputc_h.o(i._fputc$hlt) refers (Special) to iusesemip.o(.text) for __I$use$semihosting$fputc
    fputc_h.o(i._fputc$hlt) refers (Special) to semi.o(.text) for __semihosting_library_function
    fepilogue.o(.text) refers (Special) to iusefp.o(.text) for __I$use$fp
    depilogue.o(.text) refers (Special) to iusefp.o(.text) for __I$use$fp
    depilogue.o(.text) refers to llshl.o(.text) for __aeabi_llsl
    depilogue.o(.text) refers to llushr.o(.text) for __aeabi_llsr
    init.o(.text) refers to entry5.o(.ARM.Collect$$$$00000004) for __main_after_scatterload


==============================================================================

Removing Unused input sections from the image.

    Removing misc.o(.ARM.exidx), (40 bytes).
    Removing stm32f4xx_gpio.o(.ARM.exidx), (112 bytes).
    Removing stm32f4xx_rcc.o(.ARM.exidx), (416 bytes).
    Removing startup_stm32f40_41xxx.o(HEAP), (512 bytes).
    Removing stm32f4xx_usart.o(.ARM.exidx), (232 bytes).
    Removing stm32f4xx_adc.o(.text), (912 bytes).
    Removing stm32f4xx_adc.o(.ARM.exidx), (304 bytes).
    Removing stm32f4xx_dma.o(.ARM.exidx), (152 bytes).
    Removing stm32f4xx_tim.o(.ARM.exidx), (704 bytes).
    Removing main.o(.ARM.exidx), (312 bytes).
    Removing main.o(.bss.num_over_t3), (4 bytes).
    Removing main.o(.data._psc), (2 bytes).
    Removing main.o(.data._arr), (2 bytes).
    Removing main.o(.rodata.maxSpeed), (1 bytes).
    Removing main.o(.rodata.motorLock), (1 bytes).
    Removing main.o(.rodata.motorLockRepeat), (4 bytes).
    Removing main.o(.rodata.radian), (4 bytes).
    Removing main.o(.bss._IMU_Reading), (1 bytes).
    Removing main.o(.bss._IMU_Cache), (1 bytes).
    Removing main.o(.bss._IMU_ReadingFix), (4 bytes).
    Removing main.o(.data.giu), (1 bytes).
    Removing main.o(.bss.tang_toc), (1 bytes).
    Removing main.o(.bss.mode), (1 bytes).
    Removing main.o(.bss.isFuck), (1 bytes).
    Removing main.o(.bss.mang), (2 bytes).
    Removing main.o(.bss.data_gyro), (2 bytes).
    Removing main.o(.bss.temp), (2 bytes).
    Removing main.o(.bss.pwm), (2 bytes).
    Removing main.o(.bss._lcd), (1 bytes).
    Removing main.o(.bss.arr), (16 bytes).
    Removing main.o(.bss.angle), (4 bytes).
    Removing main.o(.bss.dataUsart3), (1 bytes).
    Removing main.o(.bss.rxUsart3), (1 bytes).
    Removing main.o(.bss.autoRun), (1 bytes).
    Removing main.o(.bss.buffer), (10 bytes).
    Removing main.o(.bss.k), (4 bytes).
    Removing main.o(.bss.he_so_xoay), (4 bytes).
    Removing main.o(.bss.thoi_gian), (4 bytes).
    Removing main.o(.bss.giay), (4 bytes).
    Removing main.o(.bss.time), (4 bytes).
    Removing main.o(.ARM.use_no_argv), (4 bytes).
    Removing stm32f4xx_it.o(.ARM.exidx), (120 bytes).
    Removing stm32f4xx_it.o(.bss._view_systick), (4 bytes).
    Removing system_stm32f4xx.o(.ARM.exidx), (16 bytes).
    Removing lcd.o(.ARM.exidx), (80 bytes).

45 unused section(s) (total 4010 bytes) removed from the image.

==============================================================================

Image Symbol Table

    Local Symbols

    Symbol Name                              Value     Ov Type        Size  Object(Section)

    ../clib/microlib/init/entry.s            0x00000000   Number         0  entry.o ABSOLUTE
    ../clib/microlib/init/entry.s            0x00000000   Number         0  entry2.o ABSOLUTE
    ../clib/microlib/init/entry.s            0x00000000   Number         0  entry5.o ABSOLUTE
    ../clib/microlib/init/entry.s            0x00000000   Number         0  entry7a.o ABSOLUTE
    ../clib/microlib/init/entry.s            0x00000000   Number         0  entry7b.o ABSOLUTE
    ../clib/microlib/init/entry.s            0x00000000   Number         0  entry8a.o ABSOLUTE
    ../clib/microlib/init/entry.s            0x00000000   Number         0  entry8b.o ABSOLUTE
    ../clib/microlib/init/entry.s            0x00000000   Number         0  entry9a.o ABSOLUTE
    ../clib/microlib/init/entry.s            0x00000000   Number         0  entry9b.o ABSOLUTE
    ../clib/microlib/init/entry.s            0x00000000   Number         0  entry10a.o ABSOLUTE
    ../clib/microlib/init/entry.s            0x00000000   Number         0  entry10b.o ABSOLUTE
    ../clib/microlib/init/entry.s            0x00000000   Number         0  entry11a.o ABSOLUTE
    ../clib/microlib/init/entry.s            0x00000000   Number         0  entry11b.o ABSOLUTE
    ../clib/microlib/longlong.c              0x00000000   Number         0  llshl.o ABSOLUTE
    ../clib/microlib/longlong.c              0x00000000   Number         0  llushr.o ABSOLUTE
    ../clib/microlib/longlong.c              0x00000000   Number         0  llsshr.o ABSOLUTE
    ../clib/microlib/stdio/fputc.c           0x00000000   Number         0  fputc.o ABSOLUTE
    ../clib/microlib/stdio/fputc.c           0x00000000   Number         0  fputc_h.o ABSOLUTE
    ../clib/microlib/stdio/putc.c            0x00000000   Number         0  putc.o ABSOLUTE
    ../clib/microlib/stdio/semi.s            0x00000000   Number         0  semi.o ABSOLUTE
    ../clib/microlib/stdio/streams.c         0x00000000   Number         0  stdout.o ABSOLUTE
    ../clib/microlib/string/memset.c         0x00000000   Number         0  memseta.o ABSOLUTE
    ../clib/microlib/stubs.s                 0x00000000   Number         0  iusefp.o ABSOLUTE
    ../clib/microlib/stubs.s                 0x00000000   Number         0  iusesemip.o ABSOLUTE
    ../fplib/microlib/d2f.c                  0x00000000   Number         0  d2f.o ABSOLUTE
    ../fplib/microlib/f2d.c                  0x00000000   Number         0  f2d.o ABSOLUTE
    ../fplib/microlib/fpadd.c                0x00000000   Number         0  dadd.o ABSOLUTE
    ../fplib/microlib/fpepilogue.c           0x00000000   Number         0  fepilogue.o ABSOLUTE
    ../fplib/microlib/fpepilogue.c           0x00000000   Number         0  depilogue.o ABSOLUTE
    ../fplib/microlib/fpfix.c                0x00000000   Number         0  dfixi.o ABSOLUTE
    ../fplib/microlib/fpflt.c                0x00000000   Number         0  dflti.o ABSOLUTE
    ../fplib/microlib/fpmul.c                0x00000000   Number         0  dmul.o ABSOLUTE
    ..\..\..\LIB\CMSIS\Device\ST\STM32F4xx\Source\Templates\arm\startup_stm32f40_41xxx.s 0x00000000   Number         0  startup_stm32f40_41xxx.o ABSOLUTE
    dc.s                                     0x00000000   Number         0  dc.o ABSOLUTE
    handlers.s                               0x00000000   Number         0  handlers.o ABSOLUTE
    init.s                                   0x00000000   Number         0  init.o ABSOLUTE
    lcd.c                                    0x00000000   Number         0  lcd.o ABSOLUTE
    main.c                                   0x00000000   Number         0  main.o ABSOLUTE
    misc.c                                   0x00000000   Number         0  misc.o ABSOLUTE
    stm32f4xx_adc.c                          0x00000000   Number         0  stm32f4xx_adc.o ABSOLUTE
    stm32f4xx_dma.c                          0x00000000   Number         0  stm32f4xx_dma.o ABSOLUTE
    stm32f4xx_gpio.c                         0x00000000   Number         0  stm32f4xx_gpio.o ABSOLUTE
    stm32f4xx_it.c                           0x00000000   Number         0  stm32f4xx_it.o ABSOLUTE
    stm32f4xx_rcc.c                          0x00000000   Number         0  stm32f4xx_rcc.o ABSOLUTE
    stm32f4xx_tim.c                          0x00000000   Number         0  stm32f4xx_tim.o ABSOLUTE
    stm32f4xx_usart.c                        0x00000000   Number         0  stm32f4xx_usart.o ABSOLUTE
    system_stm32f4xx.c                       0x00000000   Number         0  system_stm32f4xx.o ABSOLUTE
    RESET                                    0x08000000   Section      392  startup_stm32f40_41xxx.o(RESET)
    .ARM.Collect$$$$00000000                 0x08000188   Section        0  entry.o(.ARM.Collect$$$$00000000)
    .ARM.Collect$$$$00000001                 0x08000188   Section        4  entry2.o(.ARM.Collect$$$$00000001)
    .ARM.Collect$$$$00000004                 0x0800018c   Section        4  entry5.o(.ARM.Collect$$$$00000004)
    .ARM.Collect$$$$00000008                 0x08000190   Section        0  entry7b.o(.ARM.Collect$$$$00000008)
    .ARM.Collect$$$$0000000A                 0x08000190   Section        0  entry8b.o(.ARM.Collect$$$$0000000A)
    .ARM.Collect$$$$0000000B                 0x08000190   Section        8  entry9a.o(.ARM.Collect$$$$0000000B)
    __lit__00000000                          0x08000198   Data           4  entry2.o(.ARM.Collect$$$$00002712)
    .ARM.Collect$$$$0000000D                 0x08000198   Section        0  entry10a.o(.ARM.Collect$$$$0000000D)
    .ARM.Collect$$$$0000000F                 0x08000198   Section        0  entry11a.o(.ARM.Collect$$$$0000000F)
    .ARM.Collect$$$$00002712                 0x08000198   Section        4  entry2.o(.ARM.Collect$$$$00002712)
    [Anonymous Symbol]                       0x0800019c   Section        0  misc.o(.text)
    [Anonymous Symbol]                       0x0800025c   Section        0  stm32f4xx_gpio.o(.text)
    [Anonymous Symbol]                       0x08000458   Section        0  stm32f4xx_rcc.o(.text)
    $v0                                      0x080009e4   Number         0  startup_stm32f40_41xxx.o(.text)
    .text                                    0x080009e4   Section       36  startup_stm32f40_41xxx.o(.text)
    [Anonymous Symbol]                       0x08000a08   Section        0  stm32f4xx_usart.o(.text)
    [Anonymous Symbol]                       0x08000ddc   Section        0  stm32f4xx_dma.o(.text)
    [Anonymous Symbol]                       0x08001290   Section        0  stm32f4xx_tim.o(.text)
    [Anonymous Symbol]                       0x08001df8   Section        0  main.o(.text)
    __arm_cp.30_6                            0x08003548   Number         4  main.o(.text)
    [Anonymous Symbol]                       0x08003da0   Section        0  stm32f4xx_it.o(.text)
    [Anonymous Symbol]                       0x08003ec0   Section        0  system_stm32f4xx.o(.text)
    [Anonymous Symbol]                       0x0800406c   Section        0  lcd.o(.text)
    .text                                    0x0800497a   Section        0  memseta.o(.text)
    .text                                    0x0800499e   Section        0  dadd.o(.text)
    .text                                    0x08004aec   Section        0  dmul.o(.text)
    .text                                    0x08004bd0   Section        0  dflti.o(.text)
    .text                                    0x08004bf2   Section        0  dfixi.o(.text)
    .text                                    0x08004c30   Section        0  f2d.o(.text)
    .text                                    0x08004c56   Section        0  d2f.o(.text)
    .text                                    0x08004c8e   Section        0  llshl.o(.text)
    .text                                    0x08004cac   Section        0  llushr.o(.text)
    .text                                    0x08004ccc   Section        0  llsshr.o(.text)
    .text                                    0x08004cf0   Section        0  iusefp.o(.text)
    .text                                    0x08004cf0   Section        0  fepilogue.o(.text)
    .text                                    0x08004d5e   Section        0  depilogue.o(.text)
    .text                                    0x08004e18   Section       36  init.o(.text)
    .text                                    0x08004e3c   Section        0  semi.o(.text)
    .text                                    0x08004e3c   Section        0  iusesemip.o(.text)
    i.__scatterload_copy                     0x08004e3c   Section       14  handlers.o(i.__scatterload_copy)
    i.__scatterload_null                     0x08004e4a   Section        2  handlers.o(i.__scatterload_null)
    i.__scatterload_zeroinit                 0x08004e4c   Section       14  handlers.o(i.__scatterload_zeroinit)
    i.fputc                                  0x08004e5a   Section        0  fputc.o(i.fputc)
    i.putc                                   0x08004e6c   Section        0  putc.o(i.putc)
    APBAHBPrescTable                         0x08004e80   Data          16  stm32f4xx_rcc.o(.rodata.APBAHBPrescTable)
    [Anonymous Symbol]                       0x08004e80   Section        0  stm32f4xx_rcc.o(.rodata.APBAHBPrescTable)
    .data                                    0x20000000   Section        4  stdout.o(.data)
    SysTick_Handler.tam_gyro                 0x20000038   Data           4  stm32f4xx_it.o(.bss.SysTick_Handler.tam_gyro)
    [Anonymous Symbol]                       0x20000038   Section        0  stm32f4xx_it.o(.bss.SysTick_Handler.tam_gyro)
    UART4_IRQHandler.cnt                     0x2000005c   Data           1  main.o(.bss.UART4_IRQHandler.cnt)
    [Anonymous Symbol]                       0x2000005c   Section        0  main.o(.bss.UART4_IRQHandler.cnt)
    UART4_IRQHandler.ktra                    0x2000005d   Data           1  main.o(.bss.UART4_IRQHandler.ktra)
    [Anonymous Symbol]                       0x2000005d   Section        0  main.o(.bss.UART4_IRQHandler.ktra)
    STACK                                    0x200000c0   Section     1024  startup_stm32f40_41xxx.o(STACK)

    Global Symbols

    Symbol Name                              Value     Ov Type        Size  Object(Section)

    BuildAttributes$$THM_ISAv4$E$P$D$K$B$S$7EM$VFPi3$EXTD16$VFPS$VFMA$PE$A:L22UL41UL21$X:L11$S22US41US21$IEEE1$IW$~IW$USESV6$~STKCKD$USESV7$~SHL$OTIME$ROPI$EBA8$MICROLIB$REQ8$PRES8$EABIv2 0x00000000   Number         0  anon$$obj.o ABSOLUTE
    __cpp_initialize__aeabi_                  - Undefined Weak Reference
    __cxa_finalize                            - Undefined Weak Reference
    __decompress                              - Undefined Weak Reference
    _clock_init                               - Undefined Weak Reference
    _microlib_exit                            - Undefined Weak Reference
    __Vectors_Size                           0x00000188   Number         0  startup_stm32f40_41xxx.o ABSOLUTE
    __Vectors                                0x08000000   Data           4  startup_stm32f40_41xxx.o(RESET)
    __Vectors_End                            0x08000188   Data           0  startup_stm32f40_41xxx.o(RESET)
    __main                                   0x08000189   Thumb Code     0  entry.o(.ARM.Collect$$$$00000000)
    _main_stk                                0x08000189   Thumb Code     0  entry2.o(.ARM.Collect$$$$00000001)
    _main_scatterload                        0x0800018d   Thumb Code     0  entry5.o(.ARM.Collect$$$$00000004)
    __main_after_scatterload                 0x08000191   Thumb Code     0  entry5.o(.ARM.Collect$$$$00000004)
    _main_clock                              0x08000191   Thumb Code     0  entry7b.o(.ARM.Collect$$$$00000008)
    _main_cpp_init                           0x08000191   Thumb Code     0  entry8b.o(.ARM.Collect$$$$0000000A)
    _main_init                               0x08000191   Thumb Code     0  entry9a.o(.ARM.Collect$$$$0000000B)
    __rt_final_cpp                           0x08000199   Thumb Code     0  entry10a.o(.ARM.Collect$$$$0000000D)
    __rt_final_exit                          0x08000199   Thumb Code     0  entry11a.o(.ARM.Collect$$$$0000000F)
    NVIC_PriorityGroupConfig                 0x0800019d   Thumb Code    20  misc.o(.text)
    NVIC_Init                                0x080001b1   Thumb Code    98  misc.o(.text)
    NVIC_SetVectorTable                      0x08000215   Thumb Code    24  misc.o(.text)
    NVIC_SystemLPConfig                      0x0800022d   Thumb Code    24  misc.o(.text)
    SysTick_CLKSourceConfig                  0x08000245   Thumb Code    24  misc.o(.text)
    GPIO_DeInit                              0x0800025d   Thumb Code    48  stm32f4xx_gpio.o(.text)
    GPIO_Init                                0x080002b9   Thumb Code   256  stm32f4xx_gpio.o(.text)
    GPIO_StructInit                          0x080003b9   Thumb Code    12  stm32f4xx_gpio.o(.text)
    GPIO_PinLockConfig                       0x080003c5   Thumb Code    36  stm32f4xx_gpio.o(.text)
    GPIO_ReadInputDataBit                    0x080003e9   Thumb Code    10  stm32f4xx_gpio.o(.text)
    GPIO_ReadInputData                       0x080003f5   Thumb Code     6  stm32f4xx_gpio.o(.text)
    GPIO_ReadOutputDataBit                   0x080003fd   Thumb Code    10  stm32f4xx_gpio.o(.text)
    GPIO_ReadOutputData                      0x08000409   Thumb Code     6  stm32f4xx_gpio.o(.text)
    GPIO_SetBits                             0x08000411   Thumb Code     4  stm32f4xx_gpio.o(.text)
    GPIO_ResetBits                           0x08000415   Thumb Code     4  stm32f4xx_gpio.o(.text)
    GPIO_WriteBit                            0x08000419   Thumb Code    10  stm32f4xx_gpio.o(.text)
    GPIO_Write                               0x08000425   Thumb Code     4  stm32f4xx_gpio.o(.text)
    GPIO_ToggleBits                          0x08000429   Thumb Code     8  stm32f4xx_gpio.o(.text)
    GPIO_PinAFConfig                         0x08000431   Thumb Code    40  stm32f4xx_gpio.o(.text)
    RCC_DeInit                               0x08000459   Thumb Code    80  stm32f4xx_rcc.o(.text)
    RCC_HSEConfig                            0x080004a9   Thumb Code    16  stm32f4xx_rcc.o(.text)
    RCC_WaitForHSEStartUp                    0x080004b9   Thumb Code   114  stm32f4xx_rcc.o(.text)
    RCC_GetFlagStatus                        0x0800052d   Thumb Code    38  stm32f4xx_rcc.o(.text)
    RCC_AdjustHSICalibrationValue            0x08000555   Thumb Code    22  stm32f4xx_rcc.o(.text)
    RCC_HSICmd                               0x0800056d   Thumb Code    10  stm32f4xx_rcc.o(.text)
    RCC_LSEConfig                            0x08000579   Thumb Code    30  stm32f4xx_rcc.o(.text)
    RCC_LSICmd                               0x08000599   Thumb Code    12  stm32f4xx_rcc.o(.text)
    RCC_PLLConfig                            0x080005a5   Thumb Code    46  stm32f4xx_rcc.o(.text)
    RCC_PLLCmd                               0x080005d5   Thumb Code    10  stm32f4xx_rcc.o(.text)
    RCC_PLLI2SConfig                         0x080005e1   Thumb Code    18  stm32f4xx_rcc.o(.text)
    RCC_PLLI2SCmd                            0x080005f5   Thumb Code    10  stm32f4xx_rcc.o(.text)
    RCC_PLLSAIConfig                         0x08000601   Thumb Code    22  stm32f4xx_rcc.o(.text)
    RCC_PLLSAICmd                            0x08000619   Thumb Code    10  stm32f4xx_rcc.o(.text)
    RCC_ClockSecuritySystemCmd               0x08000625   Thumb Code    10  stm32f4xx_rcc.o(.text)
    RCC_MCO1Config                           0x08000631   Thumb Code    22  stm32f4xx_rcc.o(.text)
    RCC_MCO2Config                           0x08000649   Thumb Code    22  stm32f4xx_rcc.o(.text)
    RCC_SYSCLKConfig                         0x08000661   Thumb Code    20  stm32f4xx_rcc.o(.text)
    RCC_GetSYSCLKSource                      0x08000675   Thumb Code    16  stm32f4xx_rcc.o(.text)
    RCC_HCLKConfig                           0x08000685   Thumb Code    20  stm32f4xx_rcc.o(.text)
    RCC_PCLK1Config                          0x08000699   Thumb Code    20  stm32f4xx_rcc.o(.text)
    RCC_PCLK2Config                          0x080006ad   Thumb Code    22  stm32f4xx_rcc.o(.text)
    RCC_GetClocksFreq                        0x080006c5   Thumb Code   150  stm32f4xx_rcc.o(.text)
    RCC_RTCCLKConfig                         0x0800075d   Thumb Code    50  stm32f4xx_rcc.o(.text)
    RCC_RTCCLKCmd                            0x08000791   Thumb Code    12  stm32f4xx_rcc.o(.text)
    RCC_BackupResetCmd                       0x0800079d   Thumb Code    12  stm32f4xx_rcc.o(.text)
    RCC_I2SCLKConfig                         0x080007a9   Thumb Code    12  stm32f4xx_rcc.o(.text)
    RCC_SAIPLLI2SClkDivConfig                0x080007b5   Thumb Code    22  stm32f4xx_rcc.o(.text)
    RCC_SAIPLLSAIClkDivConfig                0x080007cd   Thumb Code    28  stm32f4xx_rcc.o(.text)
    RCC_SAIBlockACLKConfig                   0x080007e9   Thumb Code    20  stm32f4xx_rcc.o(.text)
    RCC_SAIBlockBCLKConfig                   0x080007fd   Thumb Code    20  stm32f4xx_rcc.o(.text)
    RCC_LTDCCLKDivConfig                     0x08000811   Thumb Code    20  stm32f4xx_rcc.o(.text)
    RCC_TIMCLKPresConfig                     0x08000825   Thumb Code    12  stm32f4xx_rcc.o(.text)
    RCC_AHB1PeriphClockCmd                   0x08000831   Thumb Code    24  stm32f4xx_rcc.o(.text)
    RCC_AHB2PeriphClockCmd                   0x08000849   Thumb Code    24  stm32f4xx_rcc.o(.text)
    RCC_AHB3PeriphClockCmd                   0x08000861   Thumb Code    24  stm32f4xx_rcc.o(.text)
    RCC_APB1PeriphClockCmd                   0x08000879   Thumb Code    24  stm32f4xx_rcc.o(.text)
    RCC_APB2PeriphClockCmd                   0x08000891   Thumb Code    24  stm32f4xx_rcc.o(.text)
    RCC_AHB1PeriphResetCmd                   0x080008a9   Thumb Code    24  stm32f4xx_rcc.o(.text)
    RCC_AHB2PeriphResetCmd                   0x080008c1   Thumb Code    24  stm32f4xx_rcc.o(.text)
    RCC_AHB3PeriphResetCmd                   0x080008d9   Thumb Code    24  stm32f4xx_rcc.o(.text)
    RCC_APB1PeriphResetCmd                   0x080008f1   Thumb Code    24  stm32f4xx_rcc.o(.text)
    RCC_APB2PeriphResetCmd                   0x08000909   Thumb Code    24  stm32f4xx_rcc.o(.text)
    RCC_AHB1PeriphClockLPModeCmd             0x08000921   Thumb Code    24  stm32f4xx_rcc.o(.text)
    RCC_AHB2PeriphClockLPModeCmd             0x08000939   Thumb Code    24  stm32f4xx_rcc.o(.text)
    RCC_AHB3PeriphClockLPModeCmd             0x08000951   Thumb Code    24  stm32f4xx_rcc.o(.text)
    RCC_APB1PeriphClockLPModeCmd             0x08000969   Thumb Code    24  stm32f4xx_rcc.o(.text)
    RCC_APB2PeriphClockLPModeCmd             0x08000981   Thumb Code    24  stm32f4xx_rcc.o(.text)
    RCC_ITConfig                             0x08000999   Thumb Code    24  stm32f4xx_rcc.o(.text)
    RCC_ClearFlag                            0x080009b1   Thumb Code    18  stm32f4xx_rcc.o(.text)
    RCC_GetITStatus                          0x080009c5   Thumb Code    18  stm32f4xx_rcc.o(.text)
    RCC_ClearITPendingBit                    0x080009d9   Thumb Code    12  stm32f4xx_rcc.o(.text)
    Reset_Handler                            0x080009e5   Thumb Code     8  startup_stm32f40_41xxx.o(.text)
    ADC_IRQHandler                           0x080009ff   Thumb Code     0  startup_stm32f40_41xxx.o(.text)
    CAN1_RX0_IRQHandler                      0x080009ff   Thumb Code     0  startup_stm32f40_41xxx.o(.text)
    CAN1_RX1_IRQHandler                      0x080009ff   Thumb Code     0  startup_stm32f40_41xxx.o(.text)
    CAN1_SCE_IRQHandler                      0x080009ff   Thumb Code     0  startup_stm32f40_41xxx.o(.text)
    CAN1_TX_IRQHandler                       0x080009ff   Thumb Code     0  startup_stm32f40_41xxx.o(.text)
    CAN2_RX0_IRQHandler                      0x080009ff   Thumb Code     0  startup_stm32f40_41xxx.o(.text)
    CAN2_RX1_IRQHandler                      0x080009ff   Thumb Code     0  startup_stm32f40_41xxx.o(.text)
    CAN2_SCE_IRQHandler                      0x080009ff   Thumb Code     0  startup_stm32f40_41xxx.o(.text)
    CAN2_TX_IRQHandler                       0x080009ff   Thumb Code     0  startup_stm32f40_41xxx.o(.text)
    CRYP_IRQHandler                          0x080009ff   Thumb Code     0  startup_stm32f40_41xxx.o(.text)
    DCMI_IRQHandler                          0x080009ff   Thumb Code     0  startup_stm32f40_41xxx.o(.text)
    DMA1_Stream0_IRQHandler                  0x080009ff   Thumb Code     0  startup_stm32f40_41xxx.o(.text)
    DMA1_Stream1_IRQHandler                  0x080009ff   Thumb Code     0  startup_stm32f40_41xxx.o(.text)
    DMA1_Stream2_IRQHandler                  0x080009ff   Thumb Code     0  startup_stm32f40_41xxx.o(.text)
    DMA1_Stream3_IRQHandler                  0x080009ff   Thumb Code     0  startup_stm32f40_41xxx.o(.text)
    DMA1_Stream4_IRQHandler                  0x080009ff   Thumb Code     0  startup_stm32f40_41xxx.o(.text)
    DMA1_Stream6_IRQHandler                  0x080009ff   Thumb Code     0  startup_stm32f40_41xxx.o(.text)
    DMA1_Stream7_IRQHandler                  0x080009ff   Thumb Code     0  startup_stm32f40_41xxx.o(.text)
    DMA2_Stream0_IRQHandler                  0x080009ff   Thumb Code     0  startup_stm32f40_41xxx.o(.text)
    DMA2_Stream1_IRQHandler                  0x080009ff   Thumb Code     0  startup_stm32f40_41xxx.o(.text)
    DMA2_Stream3_IRQHandler                  0x080009ff   Thumb Code     0  startup_stm32f40_41xxx.o(.text)
    DMA2_Stream4_IRQHandler                  0x080009ff   Thumb Code     0  startup_stm32f40_41xxx.o(.text)
    DMA2_Stream5_IRQHandler                  0x080009ff   Thumb Code     0  startup_stm32f40_41xxx.o(.text)
    DMA2_Stream6_IRQHandler                  0x080009ff   Thumb Code     0  startup_stm32f40_41xxx.o(.text)
    DMA2_Stream7_IRQHandler                  0x080009ff   Thumb Code     0  startup_stm32f40_41xxx.o(.text)
    ETH_IRQHandler                           0x080009ff   Thumb Code     0  startup_stm32f40_41xxx.o(.text)
    ETH_WKUP_IRQHandler                      0x080009ff   Thumb Code     0  startup_stm32f40_41xxx.o(.text)
    EXTI0_IRQHandler                         0x080009ff   Thumb Code     0  startup_stm32f40_41xxx.o(.text)
    EXTI15_10_IRQHandler                     0x080009ff   Thumb Code     0  startup_stm32f40_41xxx.o(.text)
    EXTI1_IRQHandler                         0x080009ff   Thumb Code     0  startup_stm32f40_41xxx.o(.text)
    EXTI2_IRQHandler                         0x080009ff   Thumb Code     0  startup_stm32f40_41xxx.o(.text)
    EXTI3_IRQHandler                         0x080009ff   Thumb Code     0  startup_stm32f40_41xxx.o(.text)
    EXTI4_IRQHandler                         0x080009ff   Thumb Code     0  startup_stm32f40_41xxx.o(.text)
    EXTI9_5_IRQHandler                       0x080009ff   Thumb Code     0  startup_stm32f40_41xxx.o(.text)
    FLASH_IRQHandler                         0x080009ff   Thumb Code     0  startup_stm32f40_41xxx.o(.text)
    FPU_IRQHandler                           0x080009ff   Thumb Code     0  startup_stm32f40_41xxx.o(.text)
    FSMC_IRQHandler                          0x080009ff   Thumb Code     0  startup_stm32f40_41xxx.o(.text)
    HASH_RNG_IRQHandler                      0x080009ff   Thumb Code     0  startup_stm32f40_41xxx.o(.text)
    I2C1_ER_IRQHandler                       0x080009ff   Thumb Code     0  startup_stm32f40_41xxx.o(.text)
    I2C1_EV_IRQHandler                       0x080009ff   Thumb Code     0  startup_stm32f40_41xxx.o(.text)
    I2C2_ER_IRQHandler                       0x080009ff   Thumb Code     0  startup_stm32f40_41xxx.o(.text)
    I2C2_EV_IRQHandler                       0x080009ff   Thumb Code     0  startup_stm32f40_41xxx.o(.text)
    I2C3_ER_IRQHandler                       0x080009ff   Thumb Code     0  startup_stm32f40_41xxx.o(.text)
    I2C3_EV_IRQHandler                       0x080009ff   Thumb Code     0  startup_stm32f40_41xxx.o(.text)
    OTG_FS_IRQHandler                        0x080009ff   Thumb Code     0  startup_stm32f40_41xxx.o(.text)
    OTG_FS_WKUP_IRQHandler                   0x080009ff   Thumb Code     0  startup_stm32f40_41xxx.o(.text)
    OTG_HS_EP1_IN_IRQHandler                 0x080009ff   Thumb Code     0  startup_stm32f40_41xxx.o(.text)
    OTG_HS_EP1_OUT_IRQHandler                0x080009ff   Thumb Code     0  startup_stm32f40_41xxx.o(.text)
    OTG_HS_IRQHandler                        0x080009ff   Thumb Code     0  startup_stm32f40_41xxx.o(.text)
    OTG_HS_WKUP_IRQHandler                   0x080009ff   Thumb Code     0  startup_stm32f40_41xxx.o(.text)
    PVD_IRQHandler                           0x080009ff   Thumb Code     0  startup_stm32f40_41xxx.o(.text)
    RCC_IRQHandler                           0x080009ff   Thumb Code     0  startup_stm32f40_41xxx.o(.text)
    RTC_Alarm_IRQHandler                     0x080009ff   Thumb Code     0  startup_stm32f40_41xxx.o(.text)
    RTC_WKUP_IRQHandler                      0x080009ff   Thumb Code     0  startup_stm32f40_41xxx.o(.text)
    SDIO_IRQHandler                          0x080009ff   Thumb Code     0  startup_stm32f40_41xxx.o(.text)
    SPI1_IRQHandler                          0x080009ff   Thumb Code     0  startup_stm32f40_41xxx.o(.text)
    SPI2_IRQHandler                          0x080009ff   Thumb Code     0  startup_stm32f40_41xxx.o(.text)
    SPI3_IRQHandler                          0x080009ff   Thumb Code     0  startup_stm32f40_41xxx.o(.text)
    TAMP_STAMP_IRQHandler                    0x080009ff   Thumb Code     0  startup_stm32f40_41xxx.o(.text)
    TIM1_BRK_TIM9_IRQHandler                 0x080009ff   Thumb Code     0  startup_stm32f40_41xxx.o(.text)
    TIM1_CC_IRQHandler                       0x080009ff   Thumb Code     0  startup_stm32f40_41xxx.o(.text)
    TIM1_TRG_COM_TIM11_IRQHandler            0x080009ff   Thumb Code     0  startup_stm32f40_41xxx.o(.text)
    TIM1_UP_TIM10_IRQHandler                 0x080009ff   Thumb Code     0  startup_stm32f40_41xxx.o(.text)
    TIM2_IRQHandler                          0x080009ff   Thumb Code     0  startup_stm32f40_41xxx.o(.text)
    TIM4_IRQHandler                          0x080009ff   Thumb Code     0  startup_stm32f40_41xxx.o(.text)
    TIM6_DAC_IRQHandler                      0x080009ff   Thumb Code     0  startup_stm32f40_41xxx.o(.text)
    TIM8_BRK_TIM12_IRQHandler                0x080009ff   Thumb Code     0  startup_stm32f40_41xxx.o(.text)
    TIM8_CC_IRQHandler                       0x080009ff   Thumb Code     0  startup_stm32f40_41xxx.o(.text)
    TIM8_TRG_COM_TIM14_IRQHandler            0x080009ff   Thumb Code     0  startup_stm32f40_41xxx.o(.text)
    TIM8_UP_TIM13_IRQHandler                 0x080009ff   Thumb Code     0  startup_stm32f40_41xxx.o(.text)
    UART5_IRQHandler                         0x080009ff   Thumb Code     0  startup_stm32f40_41xxx.o(.text)
    USART3_IRQHandler                        0x080009ff   Thumb Code     0  startup_stm32f40_41xxx.o(.text)
    USART6_IRQHandler                        0x080009ff   Thumb Code     0  startup_stm32f40_41xxx.o(.text)
    WWDG_IRQHandler                          0x080009ff   Thumb Code     0  startup_stm32f40_41xxx.o(.text)
    USART_DeInit                             0x08000a09   Thumb Code   274  stm32f4xx_usart.o(.text)
    USART_Init                               0x08000b1d   Thumb Code   186  stm32f4xx_usart.o(.text)
    USART_StructInit                         0x08000bd9   Thumb Code    18  stm32f4xx_usart.o(.text)
    USART_ClockInit                          0x08000bed   Thumb Code    34  stm32f4xx_usart.o(.text)
    USART_ClockStructInit                    0x08000c11   Thumb Code     8  stm32f4xx_usart.o(.text)
    USART_Cmd                                0x08000c19   Thumb Code    20  stm32f4xx_usart.o(.text)
    USART_SetPrescaler                       0x08000c2d   Thumb Code    16  stm32f4xx_usart.o(.text)
    USART_OverSampling8Cmd                   0x08000c3d   Thumb Code    20  stm32f4xx_usart.o(.text)
    USART_OneBitMethodCmd                    0x08000c51   Thumb Code    20  stm32f4xx_usart.o(.text)
    USART_SendData                           0x08000c65   Thumb Code     8  stm32f4xx_usart.o(.text)
    USART_ReceiveData                        0x08000c6d   Thumb Code     8  stm32f4xx_usart.o(.text)
    USART_SetAddress                         0x08000c75   Thumb Code    16  stm32f4xx_usart.o(.text)
    USART_ReceiverWakeUpCmd                  0x08000c85   Thumb Code    20  stm32f4xx_usart.o(.text)
    USART_WakeUpConfig                       0x08000c99   Thumb Code    16  stm32f4xx_usart.o(.text)
    USART_LINBreakDetectLengthConfig         0x08000ca9   Thumb Code    16  stm32f4xx_usart.o(.text)
    USART_LINCmd                             0x08000cb9   Thumb Code    20  stm32f4xx_usart.o(.text)
    USART_SendBreak                          0x08000ccd   Thumb Code    10  stm32f4xx_usart.o(.text)
    USART_HalfDuplexCmd                      0x08000cd9   Thumb Code    20  stm32f4xx_usart.o(.text)
    USART_SetGuardTime                       0x08000ced   Thumb Code    16  stm32f4xx_usart.o(.text)
    USART_SmartCardCmd                       0x08000cfd   Thumb Code    20  stm32f4xx_usart.o(.text)
    USART_SmartCardNACKCmd                   0x08000d11   Thumb Code    20  stm32f4xx_usart.o(.text)
    USART_IrDAConfig                         0x08000d25   Thumb Code    16  stm32f4xx_usart.o(.text)
    USART_IrDACmd                            0x08000d35   Thumb Code    20  stm32f4xx_usart.o(.text)
    USART_DMACmd                             0x08000d49   Thumb Code    16  stm32f4xx_usart.o(.text)
    USART_ITConfig                           0x08000d59   Thumb Code    46  stm32f4xx_usart.o(.text)
    USART_GetFlagStatus                      0x08000d89   Thumb Code    10  stm32f4xx_usart.o(.text)
    USART_ClearFlag                          0x08000d95   Thumb Code     6  stm32f4xx_usart.o(.text)
    USART_GetITStatus                        0x08000d9d   Thumb Code    48  stm32f4xx_usart.o(.text)
    USART_ClearITPendingBit                  0x08000dcd   Thumb Code    14  stm32f4xx_usart.o(.text)
    DMA_DeInit                               0x08000ddd   Thumb Code   600  stm32f4xx_dma.o(.text)
    DMA_Init                                 0x08001035   Thumb Code   102  stm32f4xx_dma.o(.text)
    DMA_StructInit                           0x0800109d   Thumb Code    10  stm32f4xx_dma.o(.text)
    DMA_Cmd                                  0x080010a9   Thumb Code    16  stm32f4xx_dma.o(.text)
    DMA_PeriphIncOffsetSizeConfig            0x080010b9   Thumb Code    18  stm32f4xx_dma.o(.text)
    DMA_FlowControllerConfig                 0x080010cd   Thumb Code    16  stm32f4xx_dma.o(.text)
    DMA_SetCurrDataCounter                   0x080010dd   Thumb Code     4  stm32f4xx_dma.o(.text)
    DMA_GetCurrDataCounter                   0x080010e1   Thumb Code     6  stm32f4xx_dma.o(.text)
    DMA_DoubleBufferModeConfig               0x080010e9   Thumb Code    20  stm32f4xx_dma.o(.text)
    DMA_DoubleBufferModeCmd                  0x080010fd   Thumb Code    18  stm32f4xx_dma.o(.text)
    DMA_MemoryTargetConfig                   0x08001111   Thumb Code    12  stm32f4xx_dma.o(.text)
    DMA_GetCurrentMemoryTarget               0x0800111d   Thumb Code     8  stm32f4xx_dma.o(.text)
    DMA_GetCmdStatus                         0x08001125   Thumb Code     8  stm32f4xx_dma.o(.text)
    DMA_GetFIFOStatus                        0x0800112d   Thumb Code     8  stm32f4xx_dma.o(.text)
    DMA_GetFlagStatus                        0x08001135   Thumb Code    68  stm32f4xx_dma.o(.text)
    DMA_ClearFlag                            0x08001179   Thumb Code    60  stm32f4xx_dma.o(.text)
    DMA_ITConfig                             0x080011b5   Thumb Code    58  stm32f4xx_dma.o(.text)
    DMA_GetITStatus                          0x080011f1   Thumb Code   100  stm32f4xx_dma.o(.text)
    DMA_ClearITPendingBit                    0x08001255   Thumb Code    60  stm32f4xx_dma.o(.text)
    TIM_DeInit                               0x08001291   Thumb Code   434  stm32f4xx_tim.o(.text)
    TIM_TimeBaseInit                         0x08001445   Thumb Code   146  stm32f4xx_tim.o(.text)
    TIM_TimeBaseStructInit                   0x080014d9   Thumb Code    16  stm32f4xx_tim.o(.text)
    TIM_PrescalerConfig                      0x080014e9   Thumb Code     6  stm32f4xx_tim.o(.text)
    TIM_CounterModeConfig                    0x080014f1   Thumb Code    12  stm32f4xx_tim.o(.text)
    TIM_SetCounter                           0x080014fd   Thumb Code     4  stm32f4xx_tim.o(.text)
    TIM_SetAutoreload                        0x08001501   Thumb Code     4  stm32f4xx_tim.o(.text)
    TIM_GetCounter                           0x08001505   Thumb Code     4  stm32f4xx_tim.o(.text)
    TIM_GetPrescaler                         0x08001509   Thumb Code     4  stm32f4xx_tim.o(.text)
    TIM_UpdateDisableConfig                  0x0800150d   Thumb Code    20  stm32f4xx_tim.o(.text)
    TIM_UpdateRequestConfig                  0x08001521   Thumb Code    20  stm32f4xx_tim.o(.text)
    TIM_ARRPreloadConfig                     0x08001535   Thumb Code    20  stm32f4xx_tim.o(.text)
    TIM_SelectOnePulseMode                   0x08001549   Thumb Code    16  stm32f4xx_tim.o(.text)
    TIM_SetClockDivision                     0x08001559   Thumb Code    16  stm32f4xx_tim.o(.text)
    TIM_Cmd                                  0x08001569   Thumb Code    18  stm32f4xx_tim.o(.text)
    TIM_OC1Init                              0x0800157d   Thumb Code   102  stm32f4xx_tim.o(.text)
    TIM_OC2Init                              0x080015e5   Thumb Code   110  stm32f4xx_tim.o(.text)
    TIM_OC3Init                              0x08001655   Thumb Code   110  stm32f4xx_tim.o(.text)
    TIM_OC4Init                              0x080016c5   Thumb Code    82  stm32f4xx_tim.o(.text)
    TIM_OCStructInit                         0x08001719   Thumb Code    14  stm32f4xx_tim.o(.text)
    TIM_SelectOCxM                           0x08001729   Thumb Code    88  stm32f4xx_tim.o(.text)
    TIM_SetCompare1                          0x08001781   Thumb Code     4  stm32f4xx_tim.o(.text)
    TIM_SetCompare2                          0x08001785   Thumb Code     4  stm32f4xx_tim.o(.text)
    TIM_SetCompare3                          0x08001789   Thumb Code     4  stm32f4xx_tim.o(.text)
    TIM_SetCompare4                          0x0800178d   Thumb Code     4  stm32f4xx_tim.o(.text)
    TIM_ForcedOC1Config                      0x08001791   Thumb Code    12  stm32f4xx_tim.o(.text)
    TIM_ForcedOC2Config                      0x0800179d   Thumb Code    14  stm32f4xx_tim.o(.text)
    TIM_ForcedOC3Config                      0x080017ad   Thumb Code    12  stm32f4xx_tim.o(.text)
    TIM_ForcedOC4Config                      0x080017b9   Thumb Code    14  stm32f4xx_tim.o(.text)
    TIM_OC1PreloadConfig                     0x080017c9   Thumb Code    12  stm32f4xx_tim.o(.text)
    TIM_OC2PreloadConfig                     0x080017d5   Thumb Code    14  stm32f4xx_tim.o(.text)
    TIM_OC3PreloadConfig                     0x080017e5   Thumb Code    12  stm32f4xx_tim.o(.text)
    TIM_OC4PreloadConfig                     0x080017f1   Thumb Code    14  stm32f4xx_tim.o(.text)
    TIM_OC1FastConfig                        0x08001801   Thumb Code    12  stm32f4xx_tim.o(.text)
    TIM_OC2FastConfig                        0x0800180d   Thumb Code    14  stm32f4xx_tim.o(.text)
    TIM_OC3FastConfig                        0x0800181d   Thumb Code    12  stm32f4xx_tim.o(.text)
    TIM_OC4FastConfig                        0x08001829   Thumb Code    14  stm32f4xx_tim.o(.text)
    TIM_ClearOC1Ref                          0x08001839   Thumb Code    12  stm32f4xx_tim.o(.text)
    TIM_ClearOC2Ref                          0x08001845   Thumb Code    14  stm32f4xx_tim.o(.text)
    TIM_ClearOC3Ref                          0x08001855   Thumb Code    12  stm32f4xx_tim.o(.text)
    TIM_ClearOC4Ref                          0x08001861   Thumb Code    14  stm32f4xx_tim.o(.text)
    TIM_OC1PolarityConfig                    0x08001871   Thumb Code    12  stm32f4xx_tim.o(.text)
    TIM_OC1NPolarityConfig                   0x0800187d   Thumb Code    12  stm32f4xx_tim.o(.text)
    TIM_OC2PolarityConfig                    0x08001889   Thumb Code    14  stm32f4xx_tim.o(.text)
    TIM_OC2NPolarityConfig                   0x08001899   Thumb Code    14  stm32f4xx_tim.o(.text)
    TIM_OC3PolarityConfig                    0x080018a9   Thumb Code    14  stm32f4xx_tim.o(.text)
    TIM_OC3NPolarityConfig                   0x080018b9   Thumb Code    14  stm32f4xx_tim.o(.text)
    TIM_OC4PolarityConfig                    0x080018c9   Thumb Code    14  stm32f4xx_tim.o(.text)
    TIM_CCxCmd                               0x080018d9   Thumb Code    32  stm32f4xx_tim.o(.text)
    TIM_CCxNCmd                              0x080018f9   Thumb Code    32  stm32f4xx_tim.o(.text)
    TIM_ICInit                               0x08001919   Thumb Code   290  stm32f4xx_tim.o(.text)
    TIM_SetIC1Prescaler                      0x08001a3d   Thumb Code    16  stm32f4xx_tim.o(.text)
    TIM_SetIC2Prescaler                      0x08001a4d   Thumb Code    18  stm32f4xx_tim.o(.text)
    TIM_SetIC3Prescaler                      0x08001a61   Thumb Code    16  stm32f4xx_tim.o(.text)
    TIM_SetIC4Prescaler                      0x08001a71   Thumb Code    18  stm32f4xx_tim.o(.text)
    TIM_ICStructInit                         0x08001a85   Thumb Code    12  stm32f4xx_tim.o(.text)
    TIM_PWMIConfig                           0x08001a91   Thumb Code   250  stm32f4xx_tim.o(.text)
    TIM_GetCapture1                          0x08001b8d   Thumb Code     4  stm32f4xx_tim.o(.text)
    TIM_GetCapture2                          0x08001b91   Thumb Code     4  stm32f4xx_tim.o(.text)
    TIM_GetCapture3                          0x08001b95   Thumb Code     4  stm32f4xx_tim.o(.text)
    TIM_GetCapture4                          0x08001b99   Thumb Code     4  stm32f4xx_tim.o(.text)
    TIM_BDTRConfig                           0x08001b9d   Thumb Code    40  stm32f4xx_tim.o(.text)
    TIM_BDTRStructInit                       0x08001bc5   Thumb Code    12  stm32f4xx_tim.o(.text)
    TIM_CtrlPWMOutputs                       0x08001bd1   Thumb Code    24  stm32f4xx_tim.o(.text)
    TIM_SelectCOM                            0x08001be9   Thumb Code    20  stm32f4xx_tim.o(.text)
    TIM_CCPreloadControl                     0x08001bfd   Thumb Code    18  stm32f4xx_tim.o(.text)
    TIM_ITConfig                             0x08001c11   Thumb Code    16  stm32f4xx_tim.o(.text)
    TIM_GenerateEvent                        0x08001c21   Thumb Code     4  stm32f4xx_tim.o(.text)
    TIM_GetFlagStatus                        0x08001c25   Thumb Code    10  stm32f4xx_tim.o(.text)
    TIM_ClearFlag                            0x08001c31   Thumb Code     6  stm32f4xx_tim.o(.text)
    TIM_GetITStatus                          0x08001c39   Thumb Code    24  stm32f4xx_tim.o(.text)
    TIM_ClearITPendingBit                    0x08001c51   Thumb Code     6  stm32f4xx_tim.o(.text)
    TIM_DMAConfig                            0x08001c59   Thumb Code     8  stm32f4xx_tim.o(.text)
    TIM_DMACmd                               0x08001c61   Thumb Code    16  stm32f4xx_tim.o(.text)
    TIM_SelectCCDMA                          0x08001c71   Thumb Code    20  stm32f4xx_tim.o(.text)
    TIM_InternalClockConfig                  0x08001c85   Thumb Code    10  stm32f4xx_tim.o(.text)
    TIM_ITRxExternalClockConfig              0x08001c91   Thumb Code    20  stm32f4xx_tim.o(.text)
    TIM_SelectInputTrigger                   0x08001ca5   Thumb Code    12  stm32f4xx_tim.o(.text)
    TIM_TIxExternalClockConfig               0x08001cb1   Thumb Code   114  stm32f4xx_tim.o(.text)
    TIM_ETRClockMode1Config                  0x08001d25   Thumb Code    30  stm32f4xx_tim.o(.text)
    TIM_ETRConfig                            0x08001d45   Thumb Code    22  stm32f4xx_tim.o(.text)
    TIM_ETRClockMode2Config                  0x08001d5d   Thumb Code    30  stm32f4xx_tim.o(.text)
    TIM_SelectOutputTrigger                  0x08001d7d   Thumb Code    16  stm32f4xx_tim.o(.text)
    TIM_SelectSlaveMode                      0x08001d8d   Thumb Code    16  stm32f4xx_tim.o(.text)
    TIM_SelectMasterSlaveMode                0x08001d9d   Thumb Code    16  stm32f4xx_tim.o(.text)
    TIM_EncoderInterfaceConfig               0x08001dad   Thumb Code    48  stm32f4xx_tim.o(.text)
    TIM_SelectHallSensor                     0x08001ddd   Thumb Code    20  stm32f4xx_tim.o(.text)
    TIM_RemapConfig                          0x08001df1   Thumb Code     6  stm32f4xx_tim.o(.text)
    Enable_TIMX_OCXInit                      0x08001df9   Thumb Code    28  main.o(.text)
    Disable_TIMX_OCXInit                     0x08001e15   Thumb Code    24  main.o(.text)
    configInOutPort                          0x08001e2d   Thumb Code   380  main.o(.text)
    config_TIM8_PWM                          0x08001fa9   Thumb Code   278  main.o(.text)
    Config_TIM9_PWM                          0x080020c1   Thumb Code   210  main.o(.text)
    Config_encoder_timer5                    0x08002195   Thumb Code   142  main.o(.text)
    readEncorderT5                           0x08002225   Thumb Code    30  main.o(.text)
    reset_en_T5                              0x08002245   Thumb Code    24  main.o(.text)
    config_TIM7                              0x0800225d   Thumb Code    94  main.o(.text)
    Config_USART2_DMA                        0x080022bd   Thumb Code   256  main.o(.text)
    putchar2                                 0x080023bd   Thumb Code    34  main.o(.text)
    Config_UART_4                            0x080023e1   Thumb Code   184  main.o(.text)
    putchar4                                 0x08002499   Thumb Code    34  main.o(.text)
    Read_uart2                               0x080024bd   Thumb Code    30  main.o(.text)
    run_read_gyro_uart2                      0x080024dd   Thumb Code   202  main.o(.text)
    delay_ms                                 0x080025a9   Thumb Code    62  main.o(.text)
    reset_IMU                                0x080025e9   Thumb Code    82  main.o(.text)
    calibration_IMU                          0x0800263d   Thumb Code   166  main.o(.text)
    setMotor                                 0x080026e5   Thumb Code   184  main.o(.text)
    setAllMotor                              0x0800279d   Thumb Code    18  main.o(.text)
    readIMU                                  0x080027b1   Thumb Code    24  main.o(.text)
    roundMe                                  0x080027c9   Thumb Code    80  main.o(.text)
    maxMe                                    0x08002819   Thumb Code   138  main.o(.text)
    calculateMotor                           0x080028a5   Thumb Code   324  main.o(.text)
    robotStop                                0x080029e9   Thumb Code   156  main.o(.text)
    robotRotateStop                          0x08002a85   Thumb Code   396  main.o(.text)
    robotSetACC                              0x08002c11   Thumb Code    12  main.o(.text)
    robotIsRun                               0x08002c1d   Thumb Code    22  main.o(.text)
    robotRun                                 0x08002c35   Thumb Code   416  main.o(.text)
    robotRotate                              0x08002dd5   Thumb Code   796  main.o(.text)
    robotDirectionAnalytics                  0x080030f1   Thumb Code  1144  main.o(.text)
    robotAnalytics                           0x08003569   Thumb Code   848  main.o(.text)
    delay_us                                 0x080038b9   Thumb Code    62  main.o(.text)
    TIM7_IRQHandler                          0x080038f9   Thumb Code    50  main.o(.text)
    UART4_IRQHandler                         0x0800392d   Thumb Code   100  main.o(.text)
    gp_update_btn                            0x08003991   Thumb Code    34  main.o(.text)
    manual_RED                               0x080039b5   Thumb Code   752  main.o(.text)
    main                                     0x08003ca5   Thumb Code   234  main.o(.text)
    __io_putchar                             0x08003d91   Thumb Code    14  main.o(.text)
    NMI_Handler                              0x08003da1   Thumb Code     2  stm32f4xx_it.o(.text)
    HardFault_Handler                        0x08003da5   Thumb Code     2  stm32f4xx_it.o(.text)
    MemManage_Handler                        0x08003da9   Thumb Code     2  stm32f4xx_it.o(.text)
    BusFault_Handler                         0x08003dad   Thumb Code     2  stm32f4xx_it.o(.text)
    UsageFault_Handler                       0x08003db1   Thumb Code     2  stm32f4xx_it.o(.text)
    SVC_Handler                              0x08003db5   Thumb Code     2  stm32f4xx_it.o(.text)
    DebugMon_Handler                         0x08003db9   Thumb Code     2  stm32f4xx_it.o(.text)
    PendSV_Handler                           0x08003dbd   Thumb Code     2  stm32f4xx_it.o(.text)
    SysTick_Handler                          0x08003dc1   Thumb Code    62  stm32f4xx_it.o(.text)
    USART1_IRQHandler                        0x08003e01   Thumb Code     2  stm32f4xx_it.o(.text)
    DMA2_Stream2_IRQHandler                  0x08003e05   Thumb Code     2  stm32f4xx_it.o(.text)
    USART2_IRQHandler                        0x08003e09   Thumb Code    84  stm32f4xx_it.o(.text)
    DMA1_Stream5_IRQHandler                  0x08003e5d   Thumb Code    52  stm32f4xx_it.o(.text)
    TIM3_IRQHandler                          0x08003e91   Thumb Code     2  stm32f4xx_it.o(.text)
    TIM5_IRQHandler                          0x08003e95   Thumb Code    42  stm32f4xx_it.o(.text)
    SystemInit                               0x08003ec1   Thumb Code   296  system_stm32f4xx.o(.text)
    SystemCoreClockUpdate                    0x08003fe9   Thumb Code   132  system_stm32f4xx.o(.text)
    lcd_data_line_write                      0x0800406d   Thumb Code   126  lcd.o(.text)
    lcd_Init_HW                              0x080040ed   Thumb Code   100  lcd.o(.text)
    lcd_Control_Write                        0x08004151   Thumb Code   134  lcd.o(.text)
    lcd_Data_Write                           0x080041d9   Thumb Code   134  lcd.o(.text)
    lcd_Init                                 0x08004261   Thumb Code   832  lcd.o(.text)
    lcd_Init_fix                             0x080045a1   Thumb Code   426  lcd.o(.text)
    lcd_Home                                 0x0800474d   Thumb Code   114  lcd.o(.text)
    lcd_Clear                                0x080047c1   Thumb Code   114  lcd.o(.text)
    lcd_gotoxy                               0x08004835   Thumb Code   162  lcd.o(.text)
    lcd_Print_Data                           0x080048d9   Thumb Code   162  lcd.o(.text)
    __aeabi_memset                           0x0800497b   Thumb Code    14  memseta.o(.text)
    __aeabi_memset4                          0x0800497b   Thumb Code     0  memseta.o(.text)
    __aeabi_memset8                          0x0800497b   Thumb Code     0  memseta.o(.text)
    __aeabi_memclr                           0x08004989   Thumb Code     4  memseta.o(.text)
    __aeabi_memclr4                          0x08004989   Thumb Code     0  memseta.o(.text)
    __aeabi_memclr8                          0x08004989   Thumb Code     0  memseta.o(.text)
    _memset$wrapper                          0x0800498d   Thumb Code    18  memseta.o(.text)
    __aeabi_dadd                             0x0800499f   Thumb Code   322  dadd.o(.text)
    __aeabi_dsub                             0x08004ae1   Thumb Code     6  dadd.o(.text)
    __aeabi_drsub                            0x08004ae7   Thumb Code     6  dadd.o(.text)
    __aeabi_dmul                             0x08004aed   Thumb Code   228  dmul.o(.text)
    __aeabi_i2d                              0x08004bd1   Thumb Code    34  dflti.o(.text)
    __aeabi_d2iz                             0x08004bf3   Thumb Code    62  dfixi.o(.text)
    __aeabi_f2d                              0x08004c31   Thumb Code    38  f2d.o(.text)
    __aeabi_d2f                              0x08004c57   Thumb Code    56  d2f.o(.text)
    __aeabi_llsl                             0x08004c8f   Thumb Code    30  llshl.o(.text)
    _ll_shift_l                              0x08004c8f   Thumb Code     0  llshl.o(.text)
    __aeabi_llsr                             0x08004cad   Thumb Code    32  llushr.o(.text)
    _ll_ushift_r                             0x08004cad   Thumb Code     0  llushr.o(.text)
    __aeabi_lasr                             0x08004ccd   Thumb Code    36  llsshr.o(.text)
    _ll_sshift_r                             0x08004ccd   Thumb Code     0  llsshr.o(.text)
    __I$use$fp                               0x08004cf1   Thumb Code     0  iusefp.o(.text)
    _float_round                             0x08004cf1   Thumb Code    18  fepilogue.o(.text)
    _float_epilogue                          0x08004d03   Thumb Code    92  fepilogue.o(.text)
    _double_round                            0x08004d5f   Thumb Code    30  depilogue.o(.text)
    _double_epilogue                         0x08004d7d   Thumb Code   156  depilogue.o(.text)
    __scatterload                            0x08004e19   Thumb Code    28  init.o(.text)
    __scatterload_rt2                        0x08004e19   Thumb Code     0  init.o(.text)
    __I$use$semihosting$fputc                0x08004e3d   Thumb Code     0  iusesemip.o(.text)
    __scatterload_copy                       0x08004e3d   Thumb Code    14  handlers.o(i.__scatterload_copy)
    __semihosting_library_function           0x08004e3d   Thumb Code     0  semi.o(.text)
    __scatterload_null                       0x08004e4b   Thumb Code     2  handlers.o(i.__scatterload_null)
    __scatterload_zeroinit                   0x08004e4d   Thumb Code    14  handlers.o(i.__scatterload_zeroinit)
    fputc                                    0x08004e5b   Thumb Code    18  fputc.o(i.fputc)
    putc                                     0x08004e6d   Thumb Code     4  putc.o(i.putc)
    AHBPrescTable                            0x08004e70   Data          16  system_stm32f4xx.o(.rodata.AHBPrescTable)
    Region$$Table$$Base                      0x08004e90   Number         0  anon$$obj.o(Region$$Table)
    Region$$Table$$Limit                     0x08004eb0   Number         0  anon$$obj.o(Region$$Table)
    __stdout                                 0x20000000   Data           4  stdout.o(.data)
    SystemCoreClock                          0x20000004   Data           4  system_stm32f4xx.o(.data.SystemCoreClock)
    _robotAngle                              0x20000008   Data           4  main.o(.data._robotAngle)
    highSpeed                                0x2000000c   Data           4  main.o(.data.highSpeed)
    lowSpeed                                 0x20000010   Data           4  main.o(.data.lowSpeed)
    mediumSpeed                              0x20000014   Data           4  main.o(.data.mediumSpeed)
    GPIO_InitStructure                       0x20000018   Data           8  main.o(.bss.GPIO_InitStructure)
    IMU                                      0x20000020   Data           2  main.o(.bss.IMU)
    NVIC_InitStructure                       0x20000022   Data           4  main.o(.bss.NVIC_InitStructure)
    RX_USART2                                0x20000026   Data          15  main.o(.bss.RX_USART2)
    RxBuffer_compass                         0x20000035   Data           2  main.o(.bss.RxBuffer_compass)
    TIM_OCInitStructure                      0x2000003c   Data          20  main.o(.bss.TIM_OCInitStructure)
    TIM_TimeBaseStructure                    0x20000050   Data          12  main.o(.bss.TIM_TimeBaseStructure)
    _IMUAngle_Before                         0x20000060   Data           4  main.o(.bss._IMUAngle_Before)
    _accCustom                               0x20000064   Data           1  main.o(.bss._accCustom)
    _accHuyOy                                0x20000065   Data           1  main.o(.bss._accHuyOy)
    _accRun                                  0x20000066   Data           1  main.o(.bss._accRun)
    _index_gyro                              0x20000067   Data           1  stm32f4xx_it.o(.bss._index_gyro)
    _robotAccStop                            0x20000068   Data           4  main.o(.bss._robotAccStop)
    _robotAngleCounterFix                    0x2000006c   Data           1  main.o(.bss._robotAngleCounterFix)
    _robotChange                             0x2000006d   Data           1  main.o(.bss._robotChange)
    _robotCurrentSpeed                       0x2000006e   Data           1  main.o(.bss._robotCurrentSpeed)
    _robotIMUAngle                           0x20000070   Data           4  main.o(.bss._robotIMUAngle)
    _robotIMUInit                            0x20000074   Data           4  main.o(.bss._robotIMUInit)
    _robotRotate                             0x20000078   Data           4  main.o(.bss._robotRotate)
    _robotRotateAngle                        0x2000007c   Data           4  main.o(.bss._robotRotateAngle)
    _robotRotatePoint                        0x20000080   Data           1  main.o(.bss._robotRotatePoint)
    _robotRunAcc_Timer                       0x20000084   Data           4  main.o(.bss._robotRunAcc_Timer)
    _robotRunFL                              0x20000088   Data           4  main.o(.bss._robotRunFL)
    _robotRunFR                              0x2000008c   Data           4  main.o(.bss._robotRunFR)
    _robotRunRL                              0x20000090   Data           4  main.o(.bss._robotRunRL)
    _robotRunRR                              0x20000094   Data           4  main.o(.bss._robotRunRR)
    _robotRunSpeed                           0x20000098   Data           1  main.o(.bss._robotRunSpeed)
    _robotStop_Timer                         0x2000009c   Data           4  main.o(.bss._robotStop_Timer)
    dataBuff                                 0x200000a0   Data           6  main.o(.bss.dataBuff)
    data_tx_gyro                             0x200000a6   Data           1  main.o(.bss.data_tx_gyro)
    en_gyro                                  0x200000a7   Data           1  main.o(.bss.en_gyro)
    moveSpeed                                0x200000a8   Data           4  main.o(.bss.moveSpeed)
    num_over_t5                              0x200000ac   Data           4  main.o(.bss.num_over_t5)
    spinHand                                 0x200000b0   Data           1  main.o(.bss.spinHand)
    suckDick                                 0x200000b1   Data           1  main.o(.bss.suckDick)
    tempSpeed                                0x200000b4   Data           4  main.o(.bss.tempSpeed)
    tkLeft_13                                0x200000b8   Data           1  main.o(.bss.tkLeft_13)
    tkLeft_2                                 0x200000b9   Data           1  main.o(.bss.tkLeft_2)
    tkRight_13                               0x200000ba   Data           1  main.o(.bss.tkRight_13)
    tkRight_2                                0x200000bb   Data           1  main.o(.bss.tkRight_2)
    xlDropArm                                0x200000bc   Data           1  main.o(.bss.xlDropArm)
    xlLiftBody                               0x200000bd   Data           1  main.o(.bss.xlLiftBody)
    xlRaiseGun                               0x200000be   Data           1  main.o(.bss.xlRaiseGun)
    xlShoot                                  0x200000bf   Data           1  main.o(.bss.xlShoot)
    __initial_sp                             0x200004c0   Data           0  startup_stm32f40_41xxx.o(STACK)



==============================================================================

Memory Map of the image

  Image Entry point : 0x08000189

  Load Region LR_IROM1 (Base: 0x08000000, Size: 0x00004ec8, Max: 0x00080000, ABSOLUTE)

    Execution Region ER_IROM1 (Exec base: 0x08000000, Load base: 0x08000000, Size: 0x00004eb0, Max: 0x00080000, ABSOLUTE)

    Exec Addr    Load Addr    Size         Type   Attr      Idx    E Section Name        Object

    0x08000000   0x08000000   0x00000188   Data   RO           29    RESET               startup_stm32f40_41xxx.o
    0x08000188   0x08000188   0x00000000   Code   RO          187  * .ARM.Collect$$$$00000000  mc_w.l(entry.o)
    0x08000188   0x08000188   0x00000004   Code   RO          207    .ARM.Collect$$$$00000001  mc_w.l(entry2.o)
    0x0800018c   0x0800018c   0x00000004   Code   RO          210    .ARM.Collect$$$$00000004  mc_w.l(entry5.o)
    0x08000190   0x08000190   0x00000000   Code   RO          212    .ARM.Collect$$$$00000008  mc_w.l(entry7b.o)
    0x08000190   0x08000190   0x00000000   Code   RO          214    .ARM.Collect$$$$0000000A  mc_w.l(entry8b.o)
    0x08000190   0x08000190   0x00000008   Code   RO          215    .ARM.Collect$$$$0000000B  mc_w.l(entry9a.o)
    0x08000198   0x08000198   0x00000000   Code   RO          217    .ARM.Collect$$$$0000000D  mc_w.l(entry10a.o)
    0x08000198   0x08000198   0x00000000   Code   RO          219    .ARM.Collect$$$$0000000F  mc_w.l(entry11a.o)
    0x08000198   0x08000198   0x00000004   Code   RO          208    .ARM.Collect$$$$00002712  mc_w.l(entry2.o)
    0x0800019c   0x0800019c   0x000000c0   Code   RO            1    .text               misc.o
    0x0800025c   0x0800025c   0x000001fc   Code   RO            9    .text               stm32f4xx_gpio.o
    0x08000458   0x08000458   0x0000058c   Code   RO           17    .text               stm32f4xx_rcc.o
    0x080009e4   0x080009e4   0x00000024   Code   RO           30    .text               startup_stm32f40_41xxx.o
    0x08000a08   0x08000a08   0x000003d2   Code   RO           36    .text               stm32f4xx_usart.o
    0x08000dda   0x08000dda   0x00000002   PAD
    0x08000ddc   0x08000ddc   0x000004b4   Code   RO           52    .text               stm32f4xx_dma.o
    0x08001290   0x08001290   0x00000b66   Code   RO           60    .text               stm32f4xx_tim.o
    0x08001df6   0x08001df6   0x00000002   PAD
    0x08001df8   0x08001df8   0x00001fa6   Code   RO           69    .text               main.o
    0x08003d9e   0x08003d9e   0x00000002   PAD
    0x08003da0   0x08003da0   0x0000011e   Code   RO          158    .text               stm32f4xx_it.o
    0x08003ebe   0x08003ebe   0x00000002   PAD
    0x08003ec0   0x08003ec0   0x000001ac   Code   RO          168    .text               system_stm32f4xx.o
    0x0800406c   0x0800406c   0x0000090e   Code   RO          178    .text               lcd.o
    0x0800497a   0x0800497a   0x00000024   Code   RO          193    .text               mc_w.l(memseta.o)
    0x0800499e   0x0800499e   0x0000014e   Code   RO          195    .text               mf_w.l(dadd.o)
    0x08004aec   0x08004aec   0x000000e4   Code   RO          197    .text               mf_w.l(dmul.o)
    0x08004bd0   0x08004bd0   0x00000022   Code   RO          199    .text               mf_w.l(dflti.o)
    0x08004bf2   0x08004bf2   0x0000003e   Code   RO          201    .text               mf_w.l(dfixi.o)
    0x08004c30   0x08004c30   0x00000026   Code   RO          203    .text               mf_w.l(f2d.o)
    0x08004c56   0x08004c56   0x00000038   Code   RO          205    .text               mf_w.l(d2f.o)
    0x08004c8e   0x08004c8e   0x0000001e   Code   RO          225    .text               mc_w.l(llshl.o)
    0x08004cac   0x08004cac   0x00000020   Code   RO          227    .text               mc_w.l(llushr.o)
    0x08004ccc   0x08004ccc   0x00000024   Code   RO          229    .text               mc_w.l(llsshr.o)
    0x08004cf0   0x08004cf0   0x00000000   Code   RO          231    .text               mc_w.l(iusefp.o)
    0x08004cf0   0x08004cf0   0x0000006e   Code   RO          232    .text               mf_w.l(fepilogue.o)
    0x08004d5e   0x08004d5e   0x000000ba   Code   RO          234    .text               mf_w.l(depilogue.o)
    0x08004e18   0x08004e18   0x00000024   Code   RO          236    .text               mc_w.l(init.o)
    0x08004e3c   0x08004e3c   0x00000000   Code   RO          238    .text               mc_w.l(semi.o)
    0x08004e3c   0x08004e3c   0x00000000   Code   RO          239    .text               mc_w.l(iusesemip.o)
    0x08004e3c   0x08004e3c   0x0000000e   Code   RO          242    i.__scatterload_copy  mc_w.l(handlers.o)
    0x08004e4a   0x08004e4a   0x00000002   Code   RO          243    i.__scatterload_null  mc_w.l(handlers.o)
    0x08004e4c   0x08004e4c   0x0000000e   Code   RO          244    i.__scatterload_zeroinit  mc_w.l(handlers.o)
    0x08004e5a   0x08004e5a   0x00000012   Code   RO          221    i.fputc             mc_w.l(fputc.o)
    0x08004e6c   0x08004e6c   0x00000004   Code   RO          190    i.putc              mc_w.l(putc.o)
    0x08004e70   0x08004e70   0x00000010   Data   RO          171    .rodata.AHBPrescTable  system_stm32f4xx.o
    0x08004e80   0x08004e80   0x00000010   Data   RO           19    .rodata.APBAHBPrescTable  stm32f4xx_rcc.o
    0x08004e90   0x08004e90   0x00000020   Data   RO          241    Region$$Table       anon$$obj.o


    Execution Region RW_IRAM1 (Exec base: 0x20000000, Load base: 0x08004eb0, Size: 0x000004c0, Max: 0x00020000, ABSOLUTE)

    Exec Addr    Load Addr    Size         Type   Attr      Idx    E Section Name        Object

    0x20000000   0x08004eb0   0x00000004   Data   RW          192    .data               mc_w.l(stdout.o)
    0x20000004   0x08004eb4   0x00000004   Data   RW          170    .data.SystemCoreClock  system_stm32f4xx.o
    0x20000008   0x08004eb8   0x00000004   Data   RW           93    .data._robotAngle   main.o
    0x2000000c   0x08004ebc   0x00000004   Data   RW          119    .data.highSpeed     main.o
    0x20000010   0x08004ec0   0x00000004   Data   RW          117    .data.lowSpeed      main.o
    0x20000014   0x08004ec4   0x00000004   Data   RW          118    .data.mediumSpeed   main.o
    0x20000018        -       0x00000008   Zero   RW           78    .bss.GPIO_InitStructure  main.o
    0x20000020        -       0x00000002   Zero   RW          110    .bss.IMU            main.o
    0x20000022        -       0x00000004   Zero   RW           77    .bss.NVIC_InitStructure  main.o
    0x20000026        -       0x0000000f   Zero   RW           79    .bss.RX_USART2      main.o
    0x20000035        -       0x00000002   Zero   RW          134    .bss.RxBuffer_compass  main.o
    0x20000037   0x08004ec8   0x00000001   PAD
    0x20000038        -       0x00000004   Zero   RW          162    .bss.SysTick_Handler.tam_gyro  stm32f4xx_it.o
    0x2000003c        -       0x00000014   Zero   RW           76    .bss.TIM_OCInitStructure  main.o
    0x20000050        -       0x0000000c   Zero   RW           75    .bss.TIM_TimeBaseStructure  main.o
    0x2000005c        -       0x00000001   Zero   RW          115    .bss.UART4_IRQHandler.cnt  main.o
    0x2000005d        -       0x00000001   Zero   RW          114    .bss.UART4_IRQHandler.ktra  main.o
    0x2000005e   0x08004ec8   0x00000002   PAD
    0x20000060        -       0x00000004   Zero   RW          104    .bss._IMUAngle_Before  main.o
    0x20000064        -       0x00000001   Zero   RW           98    .bss._accCustom     main.o
    0x20000065        -       0x00000001   Zero   RW          100    .bss._accHuyOy      main.o
    0x20000066        -       0x00000001   Zero   RW           97    .bss._accRun        main.o
    0x20000067        -       0x00000001   Zero   RW          161    .bss._index_gyro    stm32f4xx_it.o
    0x20000068        -       0x00000004   Zero   RW           90    .bss._robotAccStop  main.o
    0x2000006c        -       0x00000001   Zero   RW           99    .bss._robotAngleCounterFix  main.o
    0x2000006d        -       0x00000001   Zero   RW           86    .bss._robotChange   main.o
    0x2000006e        -       0x00000001   Zero   RW           88    .bss._robotCurrentSpeed  main.o
    0x2000006f   0x08004ec8   0x00000001   PAD
    0x20000070        -       0x00000004   Zero   RW          103    .bss._robotIMUAngle  main.o
    0x20000074        -       0x00000004   Zero   RW           95    .bss._robotIMUInit  main.o
    0x20000078        -       0x00000004   Zero   RW           96    .bss._robotRotate   main.o
    0x2000007c        -       0x00000004   Zero   RW           94    .bss._robotRotateAngle  main.o
    0x20000080        -       0x00000001   Zero   RW           87    .bss._robotRotatePoint  main.o
    0x20000081   0x08004ec8   0x00000003   PAD
    0x20000084        -       0x00000004   Zero   RW           91    .bss._robotRunAcc_Timer  main.o
    0x20000088        -       0x00000004   Zero   RW          106    .bss._robotRunFL    main.o
    0x2000008c        -       0x00000004   Zero   RW          107    .bss._robotRunFR    main.o
    0x20000090        -       0x00000004   Zero   RW          108    .bss._robotRunRL    main.o
    0x20000094        -       0x00000004   Zero   RW          109    .bss._robotRunRR    main.o
    0x20000098        -       0x00000001   Zero   RW           89    .bss._robotRunSpeed  main.o
    0x20000099   0x08004ec8   0x00000003   PAD
    0x2000009c        -       0x00000004   Zero   RW           92    .bss._robotStop_Timer  main.o
    0x200000a0        -       0x00000006   Zero   RW          116    .bss.dataBuff       main.o
    0x200000a6        -       0x00000001   Zero   RW           81    .bss.data_tx_gyro   main.o
    0x200000a7        -       0x00000001   Zero   RW           80    .bss.en_gyro        main.o
    0x200000a8        -       0x00000004   Zero   RW          132    .bss.moveSpeed      main.o
    0x200000ac        -       0x00000004   Zero   RW           72    .bss.num_over_t5    main.o
    0x200000b0        -       0x00000001   Zero   RW          129    .bss.spinHand       main.o
    0x200000b1        -       0x00000001   Zero   RW          130    .bss.suckDick       main.o
    0x200000b2   0x08004ec8   0x00000002   PAD
    0x200000b4        -       0x00000004   Zero   RW          120    .bss.tempSpeed      main.o
    0x200000b8        -       0x00000001   Zero   RW          121    .bss.tkLeft_13      main.o
    0x200000b9        -       0x00000001   Zero   RW          122    .bss.tkLeft_2       main.o
    0x200000ba        -       0x00000001   Zero   RW          123    .bss.tkRight_13     main.o
    0x200000bb        -       0x00000001   Zero   RW          124    .bss.tkRight_2      main.o
    0x200000bc        -       0x00000001   Zero   RW          127    .bss.xlDropArm      main.o
    0x200000bd        -       0x00000001   Zero   RW          126    .bss.xlLiftBody     main.o
    0x200000be        -       0x00000001   Zero   RW          125    .bss.xlRaiseGun     main.o
    0x200000bf        -       0x00000001   Zero   RW          128    .bss.xlShoot        main.o
    0x200000c0        -       0x00000400   Zero   RW           27    STACK               startup_stm32f40_41xxx.o


==============================================================================

Image component sizes


      Code (inc. data)   RO Data    RW Data    ZI Data      Debug   Object Name

      2318          0          0          0          0       6994   lcd.o
      8102        100          0         16        151      22893   main.o
       192          0          0          0          0       3289   misc.o
        36          8        392          0       1024        972   startup_stm32f40_41xxx.o
      1204          0          0          0          0       6253   stm32f4xx_dma.o
       508         44          0          0          0       4598   stm32f4xx_gpio.o
       286          0          0          0          5       3010   stm32f4xx_it.o
      1420          0         16          0          0      12254   stm32f4xx_rcc.o
      2918          0          0          0          0      23942   stm32f4xx_tim.o
       978          0          0          0          0       7819   stm32f4xx_usart.o
       428          0         16          4          0       3267   system_stm32f4xx.o

    ----------------------------------------------------------------------
     18398        152        456         20       1192      95291   Object Totals
         0          0         32          0          0          0   (incl. Generated)
         8          0          0          0         12          0   (incl. Padding)

    ----------------------------------------------------------------------

      Code (inc. data)   RO Data    RW Data    ZI Data      Debug   Library Member Name

         0          0          0          0          0          0   entry.o
         0          0          0          0          0          0   entry10a.o
         0          0          0          0          0          0   entry11a.o
         8          4          0          0          0          0   entry2.o
         4          0          0          0          0          0   entry5.o
         0          0          0          0          0          0   entry7b.o
         0          0          0          0          0          0   entry8b.o
         8          4          0          0          0          0   entry9a.o
        18          0          0          0          0         80   fputc.o
        30          0          0          0          0          0   handlers.o
        36          8          0          0          0         68   init.o
         0          0          0          0          0          0   iusefp.o
         0          0          0          0          0          0   iusesemip.o
        30          0          0          0          0         68   llshl.o
        36          0          0          0          0         68   llsshr.o
        32          0          0          0          0         68   llushr.o
        36          0          0          0          0        108   memseta.o
         4          0          0          0          0         68   putc.o
         0          0          0          0          0          0   semi.o
         0          0          0          4          0          0   stdout.o
        56          0          0          0          0         88   d2f.o
       334          0          0          0          0        148   dadd.o
       186          0          0          0          0        176   depilogue.o
        62          0          0          0          0         80   dfixi.o
        34          0          0          0          0         76   dflti.o
       228          0          0          0          0         96   dmul.o
        38          0          0          0          0         68   f2d.o
       110          0          0          0          0        168   fepilogue.o

    ----------------------------------------------------------------------
      1290         16          0          4          0       1428   Library Totals
         0          0          0          0          0          0   (incl. Padding)

    ----------------------------------------------------------------------

      Code (inc. data)   RO Data    RW Data    ZI Data      Debug   Library Name

       242         16          0          4          0        528   mc_w.l
      1048          0          0          0          0        900   mf_w.l

    ----------------------------------------------------------------------
      1290         16          0          4          0       1428   Library Totals

    ----------------------------------------------------------------------

==============================================================================


      Code (inc. data)   RO Data    RW Data    ZI Data      Debug   

     19688        168        456         24       1192      96119   Grand Totals
     19688        168        456         24       1192      96119   ELF Image Totals
     19688        168        456         24          0          0   ROM Totals

==============================================================================

    Total RO  Size (Code + RO Data)                20144 (  19.67kB)
    Total RW  Size (RW Data + ZI Data)              1216 (   1.19kB)
    Total ROM Size (Code + RO Data + RW Data)      20168 (  19.70kB)

==============================================================================

